
[2026-03-18T08:50:11.637Z] Genkit init check:
GOOGLE_API_KEY: AIzaSyAY...
GEMINI_API_KEY: AIzaSyAY...
NEXT_PUBLIC_GOOGLE_MAPS_API_KEY: AIzaSyAY...

[2026-03-18T08:52:17.902Z] Genkit init check:
GOOGLE_API_KEY: AIzaSyAY...
GEMINI_API_KEY: AIzaSyAY...
NEXT_PUBLIC_GOOGLE_MAPS_API_KEY: AIzaSyAY...

[2026-03-18T08:52:32.583Z] Genkit init check:
GOOGLE_API_KEY: AIzaSyAY...
GEMINI_API_KEY: AIzaSyAY...
NEXT_PUBLIC_GOOGLE_MAPS_API_KEY: AIzaSyAY...

[2026-03-18T08:57:56.995Z] Genkit init check:
GOOGLE_API_KEY: AIzaSyAY...
GEMINI_API_KEY: AIzaSyAY...
NEXT_PUBLIC_GOOGLE_MAPS_API_KEY: AIzaSyAY...

[2026-03-18T08:58:03.227Z] Genkit init check:
GOOGLE_API_KEY: AIzaSyAY...
GEMINI_API_KEY: AIzaSyAY...
NEXT_PUBLIC_GOOGLE_MAPS_API_KEY: AIzaSyAY...

[2026-03-18T08:58:33.988Z] Genkit init check:
GOOGLE_API_KEY: AIzaSyAY...
GEMINI_API_KEY: AIzaSyAY...
NEXT_PUBLIC_GOOGLE_MAPS_API_KEY: AIzaSyAY...

[2026-03-18T09:00:46.043Z] Genkit init check:
GOOGLE_API_KEY: AIzaSyAY...
GEMINI_API_KEY: AIzaSyAY...
NEXT_PUBLIC_GOOGLE_MAPS_API_KEY: AIzaSyAY...

[2026-03-18T09:14:11.995Z] Genkit init check:
GOOGLE_API_KEY: AIzaSyAY...
GEMINI_API_KEY: AIzaSyAY...
NEXT_PUBLIC_GOOGLE_MAPS_API_KEY: AIzaSyAY...

[2026-03-18T09:14:20.997Z] Genkit init check:
GOOGLE_API_KEY: AIzaSyAY...
GEMINI_API_KEY: AIzaSyAY...
NEXT_PUBLIC_GOOGLE_MAPS_API_KEY: AIzaSyAY...

[2026-03-18T09:21:43.997Z] Genkit init check:
GOOGLE_API_KEY: AIzaSyAY...
GEMINI_API_KEY: AIzaSyAY...
NEXT_PUBLIC_GOOGLE_MAPS_API_KEY: AIzaSyAY...

[2026-03-18T09:25:10.838Z] Genkit init check:
GOOGLE_API_KEY: AIzaSyAY...
GEMINI_API_KEY: AIzaSyAY...
NEXT_PUBLIC_GOOGLE_MAPS_API_KEY: AIzaSyAY...

[2026-03-18T09:28:37.001Z] Genkit init check:
GOOGLE_API_KEY: AIzaSyAY...
GEMINI_API_KEY: AIzaSyAY...
NEXT_PUBLIC_GOOGLE_MAPS_API_KEY: AIzaSyAY...

[2026-03-18T09:29:52.981Z] Genkit init check:
GOOGLE_API_KEY: AIzaSyAY...
GEMINI_API_KEY: AIzaSyAY...
NEXT_PUBLIC_GOOGLE_MAPS_API_KEY: AIzaSyAY...

[2026-03-18T09:36:35.999Z] Genkit init check:
GOOGLE_API_KEY: AIzaSyAY...
GEMINI_API_KEY: AIzaSyAY...
NEXT_PUBLIC_GOOGLE_MAPS_API_KEY: AIzaSyDf...

[2026-03-18T09:37:49.752Z] Genkit init check:
GOOGLE_API_KEY: AIzaSyAY...
GEMINI_API_KEY: AIzaSyAY...
NEXT_PUBLIC_GOOGLE_MAPS_API_KEY: AIzaSyDf...

[2026-03-18T09:46:48.999Z] Genkit init check:
GOOGLE_API_KEY: AIzaSyAY...
GEMINI_API_KEY: AIzaSyAY...
NEXT_PUBLIC_GOOGLE_MAPS_API_KEY: AIzaSyAY...

[2026-03-18T09:47:58.304Z] Genkit init check:
GOOGLE_API_KEY: AIzaSyAY...
GEMINI_API_KEY: AIzaSyAY...
NEXT_PUBLIC_GOOGLE_MAPS_API_KEY: AIzaSyAY...

[2026-03-19T00:39:22.817Z] Genkit init check:
GOOGLE_API_KEY: AIzaSyAY...
GEMINI_API_KEY: AIzaSyAY...
NEXT_PUBLIC_GOOGLE_MAPS_API_KEY: AIzaSyDo...

[2026-03-19T00:39:24.938Z] Genkit init check:
GOOGLE_API_KEY: AIzaSyAY...
GEMINI_API_KEY: AIzaSyAY...
NEXT_PUBLIC_GOOGLE_MAPS_API_KEY: AIzaSyDo...

[2026-03-19T00:42:05.361Z] Genkit init check:
GOOGLE_API_KEY: AIzaSyAY...
GEMINI_API_KEY: AIzaSyAY...
NEXT_PUBLIC_GOOGLE_MAPS_API_KEY: AIzaSyDo...

[2026-03-19T00:49:37.793Z] Genkit init check:
GOOGLE_API_KEY: AIzaSyAY...
GEMINI_API_KEY: AIzaSyAY...
NEXT_PUBLIC_GOOGLE_MAPS_API_KEY: AIzaSyDo...

[2026-03-19T00:49:50.592Z] Genkit init check:
GOOGLE_API_KEY: AIzaSyAY...
GEMINI_API_KEY: AIzaSyAY...
NEXT_PUBLIC_GOOGLE_MAPS_API_KEY: AIzaSyAY...

[2026-03-19T00:52:25.958Z] Genkit init check:
GOOGLE_API_KEY: AIzaSyAY...
GEMINI_API_KEY: AIzaSyAY...
NEXT_PUBLIC_GOOGLE_MAPS_API_KEY: AIzaSyAY...

[2026-03-19T00:52:49.017Z] Genkit init check:
GOOGLE_API_KEY: Unset
GEMINI_API_KEY: Unset
NEXT_PUBLIC_GOOGLE_MAPS_API_KEY: Unset

[2026-03-19T01:02:21.233Z] Genkit init check:
GOOGLE_API_KEY: AIzaSyAY...
GEMINI_API_KEY: AIzaSyAY...
NEXT_PUBLIC_GOOGLE_MAPS_API_KEY: AIzaSyDf...

[2026-03-19T01:02:21.494Z] Genkit init check:
GOOGLE_API_KEY: AIzaSyAY...
GEMINI_API_KEY: AIzaSyAY...
NEXT_PUBLIC_GOOGLE_MAPS_API_KEY: AIzaSyDf...

[2026-03-19T01:02:27.699Z] Genkit init check:
GOOGLE_API_KEY: AIzaSyAY...
GEMINI_API_KEY: AIzaSyAY...
NEXT_PUBLIC_GOOGLE_MAPS_API_KEY: AIzaSyDf...

[2026-03-19T01:02:28.025Z] Genkit init check:
GOOGLE_API_KEY: AIzaSyAY...
GEMINI_API_KEY: AIzaSyAY...
NEXT_PUBLIC_GOOGLE_MAPS_API_KEY: AIzaSyDf...

[2026-03-19T01:13:14.340Z] Genkit init check:
GOOGLE_API_KEY: AIzaSyAY...
GEMINI_API_KEY: AIzaSyAY...
NEXT_PUBLIC_GOOGLE_MAPS_API_KEY: AIzaSyDo...

[2026-03-19T01:13:16.870Z] Genkit init check:
GOOGLE_API_KEY: AIzaSyAY...
GEMINI_API_KEY: AIzaSyAY...
NEXT_PUBLIC_GOOGLE_MAPS_API_KEY: AIzaSyDo...

[2026-03-19T01:13:48.472Z] Genkit init check:
GOOGLE_API_KEY: AIzaSyAY...
GEMINI_API_KEY: AIzaSyAY...
NEXT_PUBLIC_GOOGLE_MAPS_API_KEY: AIzaSyDo...

[2026-03-19T01:17:21.022Z] Genkit init check:
GOOGLE_API_KEY: AIzaSyAY...
GEMINI_API_KEY: AIzaSyAY...
NEXT_PUBLIC_GOOGLE_MAPS_API_KEY: AIzaSyDo...

[2026-03-19T01:17:27.198Z] Genkit init check:
GOOGLE_API_KEY: AIzaSyAY...
GEMINI_API_KEY: AIzaSyAY...
NEXT_PUBLIC_GOOGLE_MAPS_API_KEY: AIzaSyDo...

[2026-03-19T01:17:48.481Z] Genkit init check:
GOOGLE_API_KEY: AIzaSyAY...
GEMINI_API_KEY: AIzaSyAY...
NEXT_PUBLIC_GOOGLE_MAPS_API_KEY: AIzaSyDo...

[2026-03-19T01:17:51.787Z] Genkit init check:
GOOGLE_API_KEY: AIzaSyAY...
GEMINI_API_KEY: AIzaSyAY...
NEXT_PUBLIC_GOOGLE_MAPS_API_KEY: AIzaSyDo...

[2026-03-19T01:25:58.155Z] Genkit init check:
GOOGLE_API_KEY: AIzaSyAY...
GEMINI_API_KEY: AIzaSyAY...
NEXT_PUBLIC_GOOGLE_MAPS_API_KEY: AIzaSyDo...

[2026-03-19T01:25:58.908Z] Genkit init check:
GOOGLE_API_KEY: AIzaSyAY...
GEMINI_API_KEY: AIzaSyAY...
NEXT_PUBLIC_GOOGLE_MAPS_API_KEY: AIzaSyDo...

[2026-03-19T02:11:08.454Z] Genkit init check:
GOOGLE_API_KEY: AIzaSyAY...
GEMINI_API_KEY: AIzaSyAY...
NEXT_PUBLIC_GOOGLE_MAPS_API_KEY: AIzaSyDo...

[2026-03-19T02:11:33.398Z] Genkit init check:
GOOGLE_API_KEY: AIzaSyAY...
GEMINI_API_KEY: AIzaSyAY...
NEXT_PUBLIC_GOOGLE_MAPS_API_KEY: AIzaSyAY...

[2026-03-19T02:12:21.857Z] Genkit init check:
GOOGLE_API_KEY: AIzaSyAY...
GEMINI_API_KEY: AIzaSyAY...
NEXT_PUBLIC_GOOGLE_MAPS_API_KEY: AIzaSyAY...

[2026-03-19T02:19:06.182Z] Genkit init check:
GOOGLE_API_KEY: AIzaSyAY...
GEMINI_API_KEY: AIzaSyAY...
NEXT_PUBLIC_GOOGLE_MAPS_API_KEY: AIzaSyDo...

[2026-03-19T02:19:08.403Z] Genkit init check:
GOOGLE_API_KEY: AIzaSyAY...
GEMINI_API_KEY: AIzaSyAY...
NEXT_PUBLIC_GOOGLE_MAPS_API_KEY: AIzaSyDo...

[2026-03-19T02:39:03.671Z] Genkit init check:
GOOGLE_API_KEY: AIzaSyAY...
GEMINI_API_KEY: AIzaSyAY...
NEXT_PUBLIC_GOOGLE_MAPS_API_KEY: AIzaSyDf...

[2026-03-19T02:39:04.153Z] Genkit init check:
GOOGLE_API_KEY: AIzaSyAY...
GEMINI_API_KEY: AIzaSyAY...
NEXT_PUBLIC_GOOGLE_MAPS_API_KEY: AIzaSyDf...

[2026-03-19T02:39:35.321Z] Genkit init check:
GOOGLE_API_KEY: AIzaSyAY...
GEMINI_API_KEY: AIzaSyAY...
NEXT_PUBLIC_GOOGLE_MAPS_API_KEY: AIzaSyDf...
